Starting test...
Custom columns: id, ativo, autor, excluido, reg_excluido, deletado, reg_deletado
Creating tenant with ID: test-Yk6rl
Tenant created successfully: test-Yk6rl
Creating domain...
Domain created successfully.
Initializing tenancy...
Tenant initialized. Database: D:\Projetos\yellow\point_store\yellow-backend\database\maisaqu_test-Yk6rl
